// Jest Snapshot v1, https://goo.gl/fbAQLP

exports[`JobPageMain component renders a .JobPageMain by default 1`] = `
<section
  className="JobPageMain"
>
  <Jobitem />
  <div
    className="JobPageMain__content"
  >
    <p
      key="0"
    />
  </div>
</section>
`;

exports[`JobPageMain component renders a Jobitem with job prop 1`] = `
<Jobitem
  id="cbc787a0-ffaf-11e8-8eb2-f2801f1b9fd1"
  modified="2019-01-03T00:00:00.000Z"
  name="Dogs"
/>
`;

exports[`JobPageMain component splits the content by \\n or \\n\\r, with a p foreach 1`] = `null`;

exports[`JobPageMain component splits the content by \\n or \\n\\r, with a p foreach 2`] = `null`;
